// Jest Snapshot v1, https://goo.gl/fbAQLP

exports[`App renders react app properly 1`] = `
<DocumentFragment>
  <div
    class="weather-app"
  >
    <div>
      <h1>
        undefined, undefined
      </h1>
      <form
        class="form"
      >
        <input
          class="form__input"
          id="form__input"
          placeholder="Search a city..."
          type="search"
        />
        <input
          class="form__button"
          type="button"
          value="Submit"
        />
      </form>
      <div
        class="forecastSummaries--list"
      />
    </div>
  </div>
</DocumentFragment>
`;
